************************************************************************************************************************************************
				***** Troubleshooting Go Application Test and Deployment on MicroSoft Azure Cloud ***** 
************************************************************************************************************************************************
azureuser@Developer2:~$ ls
azureuser@Developer2:~$ mkdir go-application
azureuser@Developer2:~$ cd go-application/
azureuser@Developer2:~/go-application$ vim Dockerfile
azureuser@Developer2:~/go-application$ ls
Dockerfile
azureuser@Developer2:~/go-application$ vim main.go
azureuser@Developer2:~/go-application$ ls
Dockerfile  main.go
azureuser@Developer2:~/go-application$ go mod init

Command 'go' not found, but can be installed with:

sudo snap install go         # version 1.22.3, or
sudo apt  install golang-go  # version 2:1.13~1ubuntu2
sudo apt  install gccgo-go   # version 2:1.13~1ubuntu2

See 'snap info go' for additional versions.

azureuser@Developer2:~/go-application$ sudo snap install go
error: This revision of snap "go" was published using classic confinement and thus may perform
       arbitrary system changes outside of the security sandbox that snaps are usually confined to,
       which may put your system at risk.

       If you understand and want to proceed repeat the command including --classic.
azureuser@Developer2:~/go-application$ sudo snap install go --classic
go 1.22.3 from Canonicalâœ“ installed
azureuser@Developer2:~/go-application$ go version
go version go1.22.3 linux/amd64
azureuser@Developer2:~/go-application$ go mod init
go: cannot determine module path for source directory /home/azureuser/go-application (outside GOPATH, module path must be specified)

Example usage:
        'go mod init example.com/m' to initialize a v0 or v1 module
        'go mod init example.com/m/v2' to initialize a v2 module

Run 'go help mod init' for more information.
azureuser@Developer2:~/go-application$ go mod init goapp.com/m
go: creating new go.mod: module goapp.com/m
go: to add module requirements and sums:
        go mod tidy
azureuser@Developer2:~/go-application$ sudo docker build -t concurrency-app .
DEPRECATED: The legacy builder is deprecated and will be removed in a future release.
            Install the buildx component to build images with BuildKit:
            https://docs.docker.com/go/buildx/

Sending build context to Docker daemon  4.608kB
Step 1/7 : FROM golang:1.18-alpine
1.18-alpine: Pulling from library/golang
8921db27df28: Pull complete
a2f8637abd91: Pull complete
4ba80a8cd2c7: Pull complete
dbc2308a4587: Pull complete
Digest: sha256:77f25981bd57e60a510165f3be89c901aec90453fd0f1c5a45691f6cb1528807
Status: Downloaded newer image for golang:1.18-alpine
 ---> a77f45e5f987
Step 2/7 : WORKDIR /app
 ---> Running in a86511f45cf3
Removing intermediate container a86511f45cf3
 ---> 58929b76230f
Step 3/7 : COPY go.mod go.sum ./
COPY failed: file not found in build context or excluded by .dockerignore: stat go.sum: file does not exist
azureuser@Developer2:~/go-application$ touch go.sum
azureuser@Developer2:~/go-application$ sudo docker build -t concurrency-app .
DEPRECATED: The legacy builder is deprecated and will be removed in a future release.
            Install the buildx component to build images with BuildKit:
            https://docs.docker.com/go/buildx/

Sending build context to Docker daemon   5.12kB
Step 1/7 : FROM golang:1.18-alpine
 ---> a77f45e5f987
Step 2/7 : WORKDIR /app
 ---> Using cache
 ---> 58929b76230f
Step 3/7 : COPY go.mod go.sum ./
 ---> b97e2e681702
Step 4/7 : RUN go mod download
 ---> Running in 048a402dc9cf
go: errors parsing go.mod:
/app/go.mod:3: invalid go version '1.22.3': must match format 1.23
The command '/bin/sh -c go mod download' returned a non-zero code: 1
azureuser@Developer2:~/go-application$ ls
Dockerfile  go.mod  go.sum  main.go
azureuser@Developer2:~/go-application$ cat go.mod
module goapp.com/m

go 1.22.3
azureuser@Developer2:~/go-application$ vim go.
azureuser@Developer2:~/go-application$ vim go.mod
azureuser@Developer2:~/go-application$ sudo docker build -t concurrency-app .
DEPRECATED: The legacy builder is deprecated and will be removed in a future release.
            Install the buildx component to build images with BuildKit:
            https://docs.docker.com/go/buildx/

Sending build context to Docker daemon   5.12kB
Step 1/7 : FROM golang:1.18-alpine
 ---> a77f45e5f987
Step 2/7 : WORKDIR /app
 ---> Using cache
 ---> 58929b76230f
Step 3/7 : COPY go.mod go.sum ./
 ---> 143a7cdd65fe
Step 4/7 : RUN go mod download
 ---> Running in e18de7fcf32d
go: no module dependencies to download
Removing intermediate container e18de7fcf32d
 ---> c6a1333bf7b0
Step 5/7 : COPY . .
 ---> 4fbcbc3b5550
Step 6/7 : RUN go build -o /concurrency-app
 ---> Running in ebbcc3ce1ab1
Removing intermediate container ebbcc3ce1ab1
 ---> 6fa5207371b3
Step 7/7 : CMD ["/concurrency-app"]
 ---> Running in 5aaca5f41ec9
Removing intermediate container 5aaca5f41ec9
 ---> 26425889a1c2
Successfully built 26425889a1c2
Successfully tagged concurrency-app:latest
azureuser@Developer2:~/go-application$ sudo docker image ls
REPOSITORY        TAG           IMAGE ID       CREATED              SIZE
concurrency-app   latest        26425889a1c2   7 seconds ago        332MB
<none>            <none>        b97e2e681702   About a minute ago   330MB
golang            1.18-alpine   a77f45e5f987   16 months ago        330MB
azureuser@Developer2:~/go-application$ ls
Dockerfile  go.mod  go.sum  main.go
azureuser@Developer2:~/go-application$ docker run --rm concurrency-app
docker: permission denied while trying to connect to the Docker daemon socket at unix:///var/run/docker.sock: Post "http://%2Fvar%2Frun%2Fdocker.sock/v1.24/containers/create": dial unix /var/run/docker.sock: connect: permission denied.
See 'docker run --help'.
azureuser@Developer2:~/go-application$ sudo docker run --rm concurrency-app
Worker 1 started job 1
Worker 1 finished job 1
Worker 1 started job 2
Worker 1 finished job 2
Worker 1 started job 3
Worker 1 finished job 3
Worker 1 started job 4
Worker 1 finished job 4
Worker 1 started job 5
Worker 1 finished job 5
Result: 2
Result: 4
Result: 6
Result: 8
Result: 10